chrom	pos	length_ref	length_alt	trf_start	trf_end
chr21	10009886	330	1	-	-
chr21	10014850	164	1	-	-
chr21	10140920	26	1	-	-
chr21	10129134	1	177	10129120	10129344
chr21	9591066	1	45	-	-
chr21	9596222	1	35	-	-
chr21	9596382	1	35	-	-
chr21	9705586	1	37	-	-
chr21	9705650	37	1	-	-
chr21	9719626	69	1	9719626	9720114
chr21	9719637	1	140	9719626	9720114
chr21	9722737	35	1	-	-
chr21	9761944	1	33	-	-
chr21	9765489	1	23	-	-
chr21	9768007	1	21	-	-
chr21	9790175	29	1	-	-
chr21	9794803	1	23	-	-
chr21	9800660	32	1	-	-
chr21	9801029	1	95	9800933	9801343
chr21	9801032	1	48	-	-
chr21	9858103	32	1	-	-
chr21	9874561	26	1	-	-
chr21	9882312	1	331	-	-
chr21	9981099	108	1	9981073	9981321
chr21	9981207	1	22	-	-
chr21	9997166	319	1	-	-
chr21	9586586	1	508	9586585	9587108
chr21	9676568	1	872	9676162	9676570
chr21	9768070	1	53	9767328	9768693
