{
    "TP-base": 0,
    "TP-call": 0,
    "FP": 0,
    "FN": 10,
    "precision": 0,
    "recall": 0,
    "f1": 0,
    "base cnt": 10,
    "call cnt": 0,
    "TP-call_TP-gt": 0,
    "TP-call_FP-gt": 0,
    "TP-base_TP-gt": 0,
    "TP-base_FP-gt": 0,
    "gt_concordance": 0,
    "gt_matrix": {}
}