chrom	num_records	total_bp	chrom_frac_genome	frac_all_ivls	frac_all_bp	min	max	mean
0.08	chr1	0	0	0.08	0.0	0.0	-1	-1	-1
0.08	chr2	0	0	0.08	0.0	0.0	-1	-1	-1
0.06	chr3	0	0	0.06	0.0	0.0	-1	-1	-1
0.06	chr4	0	0	0.06	0.0	0.0	-1	-1	-1
0.06	chr5	0	0	0.06	0.0	0.0	-1	-1	-1
0.06	chr6	0	0	0.06	0.0	0.0	-1	-1	-1
0.05	chr7	0	0	0.05	0.0	0.0	-1	-1	-1
0.05	chr8	0	0	0.05	0.0	0.0	-1	-1	-1
0.04	chr9	0	0	0.04	0.0	0.0	-1	-1	-1
0.04	chr10	0	0	0.04	0.0	0.0	-1	-1	-1
0.04	chr11	0	0	0.04	0.0	0.0	-1	-1	-1
0.04	chr12	0	0	0.04	0.0	0.0	-1	-1	-1
0.04	chr13	0	0	0.04	0.0	0.0	-1	-1	-1
0.03	chr14	0	0	0.03	0.0	0.0	-1	-1	-1
0.03	chr15	0	0	0.03	0.0	0.0	-1	-1	-1
0.03	chr16	0	0	0.03	0.0	0.0	-1	-1	-1
0.03	chr17	0	0	0.03	0.0	0.0	-1	-1	-1
0.03	chr18	0	0	0.03	0.0	0.0	-1	-1	-1
0.02	chr19	0	0	0.02	0.0	0.0	-1	-1	-1
0.02	chr20	0	0	0.02	0.0	0.0	-1	-1	-1
chr21	21	635835	0.01507	1.000	1.000	3485	98655	30277.857	
0.02	chr22	0	0	0.02	0.0	0.0	-1	-1	-1
0.05	chrX	0	0	0.05	0.0	0.0	-1	-1	-1
0.02	chrY	0	0	0.02	0.0	0.0	-1	-1	-1
0.00	chrM	0	0	0.00	0.0	0.0	-1	-1	-1
0.00	chr1_KI270706v1_random	0	0	0.00	0.0	0.0	-1	-1	-1
0.00	chr1_KI270707v1_random	0	0	0.00	0.0	0.0	-1	-1	-1
0.00	chr1_KI270708v1_random	0	0	0.00	0.0	0.0	-1	-1	-1
0.00	chr1_KI270709v1_random	0	0	0.00	0.0	0.0	-1	-1	-1
0.00	chr1_KI270710v1_random	0	0	0.00	0.0	0.0	-1	-1	-1
0.00	chr1_KI270711v1_random	0	0	0.00	0.0	0.0	-1	-1	-1
0.00	chr1_KI270712v1_random	0	0	0.00	0.0	0.0	-1	-1	-1
0.00	chr1_KI270713v1_random	0	0	0.00	0.0	0.0	-1	-1	-1
0.00	chr1_KI270714v1_random	0	0	0.00	0.0	0.0	-1	-1	-1
0.00	chr2_KI270715v1_random	0	0	0.00	0.0	0.0	-1	-1	-1
0.00	chr2_KI270716v1_random	0	0	0.00	0.0	0.0	-1	-1	-1
0.00	chr3_GL000221v1_random	0	0	0.00	0.0	0.0	-1	-1	-1
0.00	chr4_GL000008v2_random	0	0	0.00	0.0	0.0	-1	-1	-1
0.00	chr5_GL000208v1_random	0	0	0.00	0.0	0.0	-1	-1	-1
0.00	chr9_KI270717v1_random	0	0	0.00	0.0	0.0	-1	-1	-1
0.00	chr9_KI270718v1_random	0	0	0.00	0.0	0.0	-1	-1	-1
0.00	chr9_KI270719v1_random	0	0	0.00	0.0	0.0	-1	-1	-1
0.00	chr9_KI270720v1_random	0	0	0.00	0.0	0.0	-1	-1	-1
0.00	chr11_KI270721v1_random	0	0	0.00	0.0	0.0	-1	-1	-1
0.00	chr14_GL000009v2_random	0	0	0.00	0.0	0.0	-1	-1	-1
0.00	chr14_GL000225v1_random	0	0	0.00	0.0	0.0	-1	-1	-1
0.00	chr14_KI270722v1_random	0	0	0.00	0.0	0.0	-1	-1	-1
0.00	chr14_GL000194v1_random	0	0	0.00	0.0	0.0	-1	-1	-1
0.00	chr14_KI270723v1_random	0	0	0.00	0.0	0.0	-1	-1	-1
0.00	chr14_KI270724v1_random	0	0	0.00	0.0	0.0	-1	-1	-1
0.00	chr14_KI270725v1_random	0	0	0.00	0.0	0.0	-1	-1	-1
0.00	chr14_KI270726v1_random	0	0	0.00	0.0	0.0	-1	-1	-1
0.00	chr15_KI270727v1_random	0	0	0.00	0.0	0.0	-1	-1	-1
0.00	chr16_KI270728v1_random	0	0	0.00	0.0	0.0	-1	-1	-1
0.00	chr17_GL000205v2_random	0	0	0.00	0.0	0.0	-1	-1	-1
0.00	chr17_KI270729v1_random	0	0	0.00	0.0	0.0	-1	-1	-1
0.00	chr17_KI270730v1_random	0	0	0.00	0.0	0.0	-1	-1	-1
0.00	chr22_KI270731v1_random	0	0	0.00	0.0	0.0	-1	-1	-1
0.00	chr22_KI270732v1_random	0	0	0.00	0.0	0.0	-1	-1	-1
0.00	chr22_KI270733v1_random	0	0	0.00	0.0	0.0	-1	-1	-1
0.00	chr22_KI270734v1_random	0	0	0.00	0.0	0.0	-1	-1	-1
0.00	chr22_KI270735v1_random	0	0	0.00	0.0	0.0	-1	-1	-1
0.00	chr22_KI270736v1_random	0	0	0.00	0.0	0.0	-1	-1	-1
0.00	chr22_KI270737v1_random	0	0	0.00	0.0	0.0	-1	-1	-1
0.00	chr22_KI270738v1_random	0	0	0.00	0.0	0.0	-1	-1	-1
0.00	chr22_KI270739v1_random	0	0	0.00	0.0	0.0	-1	-1	-1
0.00	chrY_KI270740v1_random	0	0	0.00	0.0	0.0	-1	-1	-1
0.00	chrUn_KI270302v1	0	0	0.00	0.0	0.0	-1	-1	-1
0.00	chrUn_KI270304v1	0	0	0.00	0.0	0.0	-1	-1	-1
0.00	chrUn_KI270303v1	0	0	0.00	0.0	0.0	-1	-1	-1
0.00	chrUn_KI270305v1	0	0	0.00	0.0	0.0	-1	-1	-1
0.00	chrUn_KI270322v1	0	0	0.00	0.0	0.0	-1	-1	-1
0.00	chrUn_KI270320v1	0	0	0.00	0.0	0.0	-1	-1	-1
0.00	chrUn_KI270310v1	0	0	0.00	0.0	0.0	-1	-1	-1
0.00	chrUn_KI270316v1	0	0	0.00	0.0	0.0	-1	-1	-1
0.00	chrUn_KI270315v1	0	0	0.00	0.0	0.0	-1	-1	-1
0.00	chrUn_KI270312v1	0	0	0.00	0.0	0.0	-1	-1	-1
0.00	chrUn_KI270311v1	0	0	0.00	0.0	0.0	-1	-1	-1
0.00	chrUn_KI270317v1	0	0	0.00	0.0	0.0	-1	-1	-1
0.00	chrUn_KI270412v1	0	0	0.00	0.0	0.0	-1	-1	-1
0.00	chrUn_KI270411v1	0	0	0.00	0.0	0.0	-1	-1	-1
0.00	chrUn_KI270414v1	0	0	0.00	0.0	0.0	-1	-1	-1
0.00	chrUn_KI270419v1	0	0	0.00	0.0	0.0	-1	-1	-1
0.00	chrUn_KI270418v1	0	0	0.00	0.0	0.0	-1	-1	-1
0.00	chrUn_KI270420v1	0	0	0.00	0.0	0.0	-1	-1	-1
0.00	chrUn_KI270424v1	0	0	0.00	0.0	0.0	-1	-1	-1
0.00	chrUn_KI270417v1	0	0	0.00	0.0	0.0	-1	-1	-1
0.00	chrUn_KI270422v1	0	0	0.00	0.0	0.0	-1	-1	-1
0.00	chrUn_KI270423v1	0	0	0.00	0.0	0.0	-1	-1	-1
0.00	chrUn_KI270425v1	0	0	0.00	0.0	0.0	-1	-1	-1
0.00	chrUn_KI270429v1	0	0	0.00	0.0	0.0	-1	-1	-1
0.00	chrUn_KI270442v1	0	0	0.00	0.0	0.0	-1	-1	-1
0.00	chrUn_KI270466v1	0	0	0.00	0.0	0.0	-1	-1	-1
0.00	chrUn_KI270465v1	0	0	0.00	0.0	0.0	-1	-1	-1
0.00	chrUn_KI270467v1	0	0	0.00	0.0	0.0	-1	-1	-1
0.00	chrUn_KI270435v1	0	0	0.00	0.0	0.0	-1	-1	-1
0.00	chrUn_KI270438v1	0	0	0.00	0.0	0.0	-1	-1	-1
0.00	chrUn_KI270468v1	0	0	0.00	0.0	0.0	-1	-1	-1
0.00	chrUn_KI270510v1	0	0	0.00	0.0	0.0	-1	-1	-1
0.00	chrUn_KI270509v1	0	0	0.00	0.0	0.0	-1	-1	-1
0.00	chrUn_KI270518v1	0	0	0.00	0.0	0.0	-1	-1	-1
0.00	chrUn_KI270508v1	0	0	0.00	0.0	0.0	-1	-1	-1
0.00	chrUn_KI270516v1	0	0	0.00	0.0	0.0	-1	-1	-1
0.00	chrUn_KI270512v1	0	0	0.00	0.0	0.0	-1	-1	-1
0.00	chrUn_KI270519v1	0	0	0.00	0.0	0.0	-1	-1	-1
0.00	chrUn_KI270522v1	0	0	0.00	0.0	0.0	-1	-1	-1
0.00	chrUn_KI270511v1	0	0	0.00	0.0	0.0	-1	-1	-1
0.00	chrUn_KI270515v1	0	0	0.00	0.0	0.0	-1	-1	-1
0.00	chrUn_KI270507v1	0	0	0.00	0.0	0.0	-1	-1	-1
0.00	chrUn_KI270517v1	0	0	0.00	0.0	0.0	-1	-1	-1
0.00	chrUn_KI270529v1	0	0	0.00	0.0	0.0	-1	-1	-1
0.00	chrUn_KI270528v1	0	0	0.00	0.0	0.0	-1	-1	-1
0.00	chrUn_KI270530v1	0	0	0.00	0.0	0.0	-1	-1	-1
0.00	chrUn_KI270539v1	0	0	0.00	0.0	0.0	-1	-1	-1
0.00	chrUn_KI270538v1	0	0	0.00	0.0	0.0	-1	-1	-1
0.00	chrUn_KI270544v1	0	0	0.00	0.0	0.0	-1	-1	-1
0.00	chrUn_KI270548v1	0	0	0.00	0.0	0.0	-1	-1	-1
0.00	chrUn_KI270583v1	0	0	0.00	0.0	0.0	-1	-1	-1
0.00	chrUn_KI270587v1	0	0	0.00	0.0	0.0	-1	-1	-1
0.00	chrUn_KI270580v1	0	0	0.00	0.0	0.0	-1	-1	-1
0.00	chrUn_KI270581v1	0	0	0.00	0.0	0.0	-1	-1	-1
0.00	chrUn_KI270579v1	0	0	0.00	0.0	0.0	-1	-1	-1
0.00	chrUn_KI270589v1	0	0	0.00	0.0	0.0	-1	-1	-1
0.00	chrUn_KI270590v1	0	0	0.00	0.0	0.0	-1	-1	-1
0.00	chrUn_KI270584v1	0	0	0.00	0.0	0.0	-1	-1	-1
0.00	chrUn_KI270582v1	0	0	0.00	0.0	0.0	-1	-1	-1
0.00	chrUn_KI270588v1	0	0	0.00	0.0	0.0	-1	-1	-1
0.00	chrUn_KI270593v1	0	0	0.00	0.0	0.0	-1	-1	-1
0.00	chrUn_KI270591v1	0	0	0.00	0.0	0.0	-1	-1	-1
0.00	chrUn_KI270330v1	0	0	0.00	0.0	0.0	-1	-1	-1
0.00	chrUn_KI270329v1	0	0	0.00	0.0	0.0	-1	-1	-1
0.00	chrUn_KI270334v1	0	0	0.00	0.0	0.0	-1	-1	-1
0.00	chrUn_KI270333v1	0	0	0.00	0.0	0.0	-1	-1	-1
0.00	chrUn_KI270335v1	0	0	0.00	0.0	0.0	-1	-1	-1
0.00	chrUn_KI270338v1	0	0	0.00	0.0	0.0	-1	-1	-1
0.00	chrUn_KI270340v1	0	0	0.00	0.0	0.0	-1	-1	-1
0.00	chrUn_KI270336v1	0	0	0.00	0.0	0.0	-1	-1	-1
0.00	chrUn_KI270337v1	0	0	0.00	0.0	0.0	-1	-1	-1
0.00	chrUn_KI270363v1	0	0	0.00	0.0	0.0	-1	-1	-1
0.00	chrUn_KI270364v1	0	0	0.00	0.0	0.0	-1	-1	-1
0.00	chrUn_KI270362v1	0	0	0.00	0.0	0.0	-1	-1	-1
0.00	chrUn_KI270366v1	0	0	0.00	0.0	0.0	-1	-1	-1
0.00	chrUn_KI270378v1	0	0	0.00	0.0	0.0	-1	-1	-1
0.00	chrUn_KI270379v1	0	0	0.00	0.0	0.0	-1	-1	-1
0.00	chrUn_KI270389v1	0	0	0.00	0.0	0.0	-1	-1	-1
0.00	chrUn_KI270390v1	0	0	0.00	0.0	0.0	-1	-1	-1
0.00	chrUn_KI270387v1	0	0	0.00	0.0	0.0	-1	-1	-1
0.00	chrUn_KI270395v1	0	0	0.00	0.0	0.0	-1	-1	-1
0.00	chrUn_KI270396v1	0	0	0.00	0.0	0.0	-1	-1	-1
0.00	chrUn_KI270388v1	0	0	0.00	0.0	0.0	-1	-1	-1
0.00	chrUn_KI270394v1	0	0	0.00	0.0	0.0	-1	-1	-1
0.00	chrUn_KI270386v1	0	0	0.00	0.0	0.0	-1	-1	-1
0.00	chrUn_KI270391v1	0	0	0.00	0.0	0.0	-1	-1	-1
0.00	chrUn_KI270383v1	0	0	0.00	0.0	0.0	-1	-1	-1
0.00	chrUn_KI270393v1	0	0	0.00	0.0	0.0	-1	-1	-1
0.00	chrUn_KI270384v1	0	0	0.00	0.0	0.0	-1	-1	-1
0.00	chrUn_KI270392v1	0	0	0.00	0.0	0.0	-1	-1	-1
0.00	chrUn_KI270381v1	0	0	0.00	0.0	0.0	-1	-1	-1
0.00	chrUn_KI270385v1	0	0	0.00	0.0	0.0	-1	-1	-1
0.00	chrUn_KI270382v1	0	0	0.00	0.0	0.0	-1	-1	-1
0.00	chrUn_KI270376v1	0	0	0.00	0.0	0.0	-1	-1	-1
0.00	chrUn_KI270374v1	0	0	0.00	0.0	0.0	-1	-1	-1
0.00	chrUn_KI270372v1	0	0	0.00	0.0	0.0	-1	-1	-1
0.00	chrUn_KI270373v1	0	0	0.00	0.0	0.0	-1	-1	-1
0.00	chrUn_KI270375v1	0	0	0.00	0.0	0.0	-1	-1	-1
0.00	chrUn_KI270371v1	0	0	0.00	0.0	0.0	-1	-1	-1
0.00	chrUn_KI270448v1	0	0	0.00	0.0	0.0	-1	-1	-1
0.00	chrUn_KI270521v1	0	0	0.00	0.0	0.0	-1	-1	-1
0.00	chrUn_GL000195v1	0	0	0.00	0.0	0.0	-1	-1	-1
0.00	chrUn_GL000219v1	0	0	0.00	0.0	0.0	-1	-1	-1
0.00	chrUn_GL000220v1	0	0	0.00	0.0	0.0	-1	-1	-1
0.00	chrUn_GL000224v1	0	0	0.00	0.0	0.0	-1	-1	-1
0.00	chrUn_KI270741v1	0	0	0.00	0.0	0.0	-1	-1	-1
0.00	chrUn_GL000226v1	0	0	0.00	0.0	0.0	-1	-1	-1
0.00	chrUn_GL000213v1	0	0	0.00	0.0	0.0	-1	-1	-1
0.00	chrUn_KI270743v1	0	0	0.00	0.0	0.0	-1	-1	-1
0.00	chrUn_KI270744v1	0	0	0.00	0.0	0.0	-1	-1	-1
0.00	chrUn_KI270745v1	0	0	0.00	0.0	0.0	-1	-1	-1
0.00	chrUn_KI270746v1	0	0	0.00	0.0	0.0	-1	-1	-1
0.00	chrUn_KI270747v1	0	0	0.00	0.0	0.0	-1	-1	-1
0.00	chrUn_KI270748v1	0	0	0.00	0.0	0.0	-1	-1	-1
0.00	chrUn_KI270749v1	0	0	0.00	0.0	0.0	-1	-1	-1
0.00	chrUn_KI270750v1	0	0	0.00	0.0	0.0	-1	-1	-1
0.00	chrUn_KI270751v1	0	0	0.00	0.0	0.0	-1	-1	-1
0.00	chrUn_KI270752v1	0	0	0.00	0.0	0.0	-1	-1	-1
0.00	chrUn_KI270753v1	0	0	0.00	0.0	0.0	-1	-1	-1
0.00	chrUn_KI270754v1	0	0	0.00	0.0	0.0	-1	-1	-1
0.00	chrUn_KI270755v1	0	0	0.00	0.0	0.0	-1	-1	-1
0.00	chrUn_KI270756v1	0	0	0.00	0.0	0.0	-1	-1	-1
0.00	chrUn_KI270757v1	0	0	0.00	0.0	0.0	-1	-1	-1
0.00	chrUn_GL000214v1	0	0	0.00	0.0	0.0	-1	-1	-1
0.00	chrUn_KI270742v1	0	0	0.00	0.0	0.0	-1	-1	-1
0.00	chrUn_GL000216v2	0	0	0.00	0.0	0.0	-1	-1	-1
0.00	chrUn_GL000218v1	0	0	0.00	0.0	0.0	-1	-1	-1
0.00	chrEBV	0	0	0.00	0.0	0.0	-1	-1	-1
all	21	635835	1.0	1.0	3485	98655	30277.86
